2026-07-28 15:51:59,879 INFO [LOG] write to logs/run_20260729_005159.log
2026-07-28 15:52:01,639 INFO [GET] https://evergreenjb.me/attendance
2026-07-28 15:52:04,060 INFO [LOGIN] need login
2026-07-28 15:52:04,065 INFO [LOGIN] 보안 로그인 페이지 감지 - 직접 입력 시도
2026-07-28 15:52:06,280 INFO [GET] https://evergreenjb.me/attendance
2026-07-28 15:52:08,760 INFO ✅ 로그인 프로세스 완료
2026-07-28 15:52:09,031 INFO ✅ 출석 버튼 클릭 완료
2026-07-28 15:52:09,853 ERROR ❌ 오류 발생: Message: stale element reference: stale element not found
  (Session info: chrome=150.0.7871.128); For documentation on this error, please visit: https://www.selenium.dev/documentation/webdriver/troubleshooting/errors#staleelementreferenceexception
Stacktrace:
#0 0x5648e17c244a <unknown>
#1 0x5648e119a8c9 <unknown>
#2 0x5648e11af98b <unknown>
#3 0x5648e11ae421 <unknown>
#4 0x5648e11a24a9 <unknown>
#5 0x5648e11a0679 <unknown>
#6 0x5648e11a432b <unknown>
#7 0x5648e11a43d3 <unknown>
#8 0x5648e11eb9d0 <unknown>
#9 0x5648e11e4cd7 <unknown>
#10 0x5648e123855d <unknown>
#11 0x5648e11e33ff <unknown>
#12 0x5648e11e4261 <unknown>
#13 0x5648e1787cc7 <unknown>
#14 0x5648e17864a8 <unknown>
#15 0x5648e1771196 <unknown>
#16 0x5648e178706a <unknown>
#17 0x5648e1759020 <unknown>
#18 0x5648e17adb98 <unknown>
#19 0x5648e17add35 <unknown>
#20 0x5648e17c0ffe <unknown>
#21 0x7f4dad89caa4 <unknown>
#22 0x7f4dad929c6c <unknown>

2026-07-28 15:52:09,853 INFO [LOG] append checkin log to CHECKINLOG.md
2026-07-28 15:52:10,071 INFO [README] Latest Check-in updated.
2026-07-28 15:52:10,152 ERROR [DEBUG] saved: debug/20260729_005210_fail_DO_ATTENDANCE.png
2026-07-28 15:52:10,152 ERROR [DEBUG] saved: debug/20260729_005210_fail_DO_ATTENDANCE.html
