2026-04-22 15:36:44,582 INFO [LOG] write to logs/run_20260423_003644.log
2026-04-22 15:36:49,786 INFO [GET] https://evergreenjb.me/attendance
2026-04-22 15:36:51,836 INFO [LOGIN] need login
2026-04-22 15:36:51,842 INFO [LOGIN] 보안 로그인 페이지 감지 - 직접 입력 시도
2026-04-22 15:36:54,039 INFO [GET] https://evergreenjb.me/attendance
2026-04-22 15:36:55,539 INFO ✅ 로그인 프로세스 완료
2026-04-22 15:36:55,771 INFO ✅ 출석 버튼 클릭 완료
2026-04-22 15:36:56,369 ERROR ❌ 오류 발생: Message: stale element reference: stale element not found
  (Session info: chrome=147.0.7727.55); For documentation on this error, please visit: https://www.selenium.dev/documentation/webdriver/troubleshooting/errors#staleelementreferenceexception
Stacktrace:
#0 0x55c791392b6a <unknown>
#1 0x55c790d94265 <unknown>
#2 0x55c790da829b <unknown>
#3 0x55c790da6d31 <unknown>
#4 0x55c790d9bae6 <unknown>
#5 0x55c790d99ca9 <unknown>
#6 0x55c790d9d95b <unknown>
#7 0x55c790d9da03 <unknown>
#8 0x55c790de29b0 <unknown>
#9 0x55c790ddbe07 <unknown>
#10 0x55c790e2f969 <unknown>
#11 0x55c790dda5cf <unknown>
#12 0x55c790ddb391 <unknown>
#13 0x55c79135804b <unknown>
#14 0x55c79135b00d <unknown>
#15 0x55c791344808 <unknown>
#16 0x55c79135bba0 <unknown>
#17 0x55c79132b280 <unknown>
#18 0x55c79137fdb8 <unknown>
#19 0x55c79137ff88 <unknown>
#20 0x55c7913915de <unknown>
#21 0x7f634889caa4 <unknown>
#22 0x7f6348929c6c <unknown>

2026-04-22 15:36:56,369 INFO [LOG] append checkin log to CHECKINLOG.md
2026-04-22 15:36:56,864 INFO [README] Latest Check-in updated.
2026-04-22 15:36:56,923 ERROR [DEBUG] saved: debug/20260423_003656_fail_DO_ATTENDANCE.png
2026-04-22 15:36:56,923 ERROR [DEBUG] saved: debug/20260423_003656_fail_DO_ATTENDANCE.html
