2026-05-10 15:27:37,789 INFO [LOG] write to logs/run_20260511_002737.log
2026-05-10 15:27:43,281 INFO [GET] https://evergreenjb.me/attendance
2026-05-10 15:27:45,321 INFO [LOGIN] need login
2026-05-10 15:27:45,327 INFO [LOGIN] 보안 로그인 페이지 감지 - 직접 입력 시도
2026-05-10 15:27:47,519 INFO [GET] https://evergreenjb.me/attendance
2026-05-10 15:27:49,029 INFO ✅ 로그인 프로세스 완료
2026-05-10 15:27:49,169 INFO ✅ 출석 버튼 클릭 완료
2026-05-10 15:27:49,795 ERROR ❌ 오류 발생: Message: stale element reference: stale element not found
  (Session info: chrome=147.0.7727.55); For documentation on this error, please visit: https://www.selenium.dev/documentation/webdriver/troubleshooting/errors#staleelementreferenceexception
Stacktrace:
#0 0x55af605f8b6a <unknown>
#1 0x55af5fffa265 <unknown>
#2 0x55af6000e29b <unknown>
#3 0x55af6000cd31 <unknown>
#4 0x55af60001ae6 <unknown>
#5 0x55af5ffffca9 <unknown>
#6 0x55af6000395b <unknown>
#7 0x55af60003a03 <unknown>
#8 0x55af600489b0 <unknown>
#9 0x55af60041e07 <unknown>
#10 0x55af60095969 <unknown>
#11 0x55af600405cf <unknown>
#12 0x55af60041391 <unknown>
#13 0x55af605be04b <unknown>
#14 0x55af605c100d <unknown>
#15 0x55af605aa808 <unknown>
#16 0x55af605c1ba0 <unknown>
#17 0x55af60591280 <unknown>
#18 0x55af605e5db8 <unknown>
#19 0x55af605e5f88 <unknown>
#20 0x55af605f75de <unknown>
#21 0x7f54c5e9caa4 <unknown>
#22 0x7f54c5f29c6c <unknown>

2026-05-10 15:27:49,796 INFO [LOG] append checkin log to CHECKINLOG.md
2026-05-10 15:27:50,151 INFO [README] Latest Check-in updated.
2026-05-10 15:27:50,204 ERROR [DEBUG] saved: debug/20260511_002750_fail_DO_ATTENDANCE.png
2026-05-10 15:27:50,204 ERROR [DEBUG] saved: debug/20260511_002750_fail_DO_ATTENDANCE.html
