2026-07-24 15:36:48,410 INFO [LOG] write to logs/run_20260725_003648.log
2026-07-24 15:36:52,709 INFO [GET] https://evergreenjb.me/attendance
2026-07-24 15:36:54,787 INFO [LOGIN] need login
2026-07-24 15:36:54,792 INFO [LOGIN] 보안 로그인 페이지 감지 - 직접 입력 시도
2026-07-24 15:36:57,002 INFO [GET] https://evergreenjb.me/attendance
2026-07-24 15:36:58,659 INFO ✅ 로그인 프로세스 완료
2026-07-24 15:36:58,917 INFO ✅ 출석 버튼 클릭 완료
2026-07-24 15:36:59,563 ERROR ❌ 오류 발생: Message: stale element reference: stale element not found
  (Session info: chrome=150.0.7871.128); For documentation on this error, please visit: https://www.selenium.dev/documentation/webdriver/troubleshooting/errors#staleelementreferenceexception
Stacktrace:
#0 0x5641a6e5344a <unknown>
#1 0x5641a682b8c9 <unknown>
#2 0x5641a684098b <unknown>
#3 0x5641a683f421 <unknown>
#4 0x5641a68334a9 <unknown>
#5 0x5641a6831679 <unknown>
#6 0x5641a683532b <unknown>
#7 0x5641a68353d3 <unknown>
#8 0x5641a687c9d0 <unknown>
#9 0x5641a6875cd7 <unknown>
#10 0x5641a68c955d <unknown>
#11 0x5641a68743ff <unknown>
#12 0x5641a6875261 <unknown>
#13 0x5641a6e18cc7 <unknown>
#14 0x5641a6e174a8 <unknown>
#15 0x5641a6e02196 <unknown>
#16 0x5641a6e1806a <unknown>
#17 0x5641a6dea020 <unknown>
#18 0x5641a6e3eb98 <unknown>
#19 0x5641a6e3ed35 <unknown>
#20 0x5641a6e51ffe <unknown>
#21 0x7f9437c9caa4 <unknown>
#22 0x7f9437d29c6c <unknown>

2026-07-24 15:36:59,563 INFO [LOG] append checkin log to CHECKINLOG.md
2026-07-24 15:36:59,794 INFO [README] Latest Check-in updated.
2026-07-24 15:36:59,857 ERROR [DEBUG] saved: debug/20260725_003659_fail_DO_ATTENDANCE.png
2026-07-24 15:36:59,857 ERROR [DEBUG] saved: debug/20260725_003659_fail_DO_ATTENDANCE.html
