2026-04-10 15:26:27,942 INFO [LOG] write to logs/run_20260411_002627.log
2026-04-10 15:26:32,788 INFO [GET] https://evergreenjb.me/attendance
2026-04-10 15:26:34,970 INFO [LOGIN] need login
2026-04-10 15:26:34,975 INFO [LOGIN] 보안 로그인 페이지 감지 - 직접 입력 시도
2026-04-10 15:26:37,148 INFO [GET] https://evergreenjb.me/attendance
2026-04-10 15:26:39,533 INFO ✅ 로그인 프로세스 완료
2026-04-10 15:26:39,667 INFO ✅ 출석 버튼 클릭 완료
2026-04-10 15:26:40,411 ERROR ❌ 오류 발생: Message: stale element reference: stale element not found
  (Session info: chrome=146.0.7680.177); For documentation on this error, please visit: https://www.selenium.dev/documentation/webdriver/troubleshooting/errors#staleelementreferenceexception
Stacktrace:
#0 0x5639f0147a6a <unknown>
#1 0x5639efb56ab5 <unknown>
#2 0x5639efb6aaeb <unknown>
#3 0x5639efb69581 <unknown>
#4 0x5639efb5e329 <unknown>
#5 0x5639efb5c4f9 <unknown>
#6 0x5639efb601ab <unknown>
#7 0x5639efb60253 <unknown>
#8 0x5639efba50b0 <unknown>
#9 0x5639efb9e4f7 <unknown>
#10 0x5639efbf17b6 <unknown>
#11 0x5639efb9ccbf <unknown>
#12 0x5639efb9da81 <unknown>
#13 0x5639f010da64 <unknown>
#14 0x5639f0110951 <unknown>
#15 0x5639f00fa21e <unknown>
#16 0x5639f011151e <unknown>
#17 0x5639f00e0be0 <unknown>
#18 0x5639f01349b8 <unknown>
#19 0x5639f0134b88 <unknown>
#20 0x5639f01464de <unknown>
#21 0x7f745c69caa4 <unknown>
#22 0x7f745c729c6c <unknown>

2026-04-10 15:26:40,412 INFO [LOG] append checkin log to CHECKINLOG.md
2026-04-10 15:26:40,816 INFO [README] Latest Check-in updated.
2026-04-10 15:26:40,864 ERROR [DEBUG] saved: debug/20260411_002640_fail_DO_ATTENDANCE.png
2026-04-10 15:26:40,864 ERROR [DEBUG] saved: debug/20260411_002640_fail_DO_ATTENDANCE.html
