2026-07-14 15:37:12,556 INFO [LOG] write to logs/run_20260715_003712.log
2026-07-14 15:37:22,608 INFO [GET] https://evergreenjb.me/attendance
2026-07-14 15:37:25,580 INFO [LOGIN] need login
2026-07-14 15:37:25,585 INFO [LOGIN] 보안 로그인 페이지 감지 - 직접 입력 시도
2026-07-14 15:37:31,208 INFO [GET] https://evergreenjb.me/attendance
2026-07-14 15:37:33,981 INFO ✅ 로그인 프로세스 완료
2026-07-14 15:37:34,162 INFO ✅ 출석 버튼 클릭 완료
2026-07-14 15:37:34,962 ERROR ❌ 오류 발생: Message: stale element reference: stale element not found
  (Session info: chrome=150.0.7871.46); For documentation on this error, please visit: https://www.selenium.dev/documentation/webdriver/troubleshooting/errors#staleelementreferenceexception
Stacktrace:
#0 0x558d8f2280fa <unknown>
#1 0x558d8ec01939 <unknown>
#2 0x558d8ec16a0b <unknown>
#3 0x558d8ec154a1 <unknown>
#4 0x558d8ec09529 <unknown>
#5 0x558d8ec076f9 <unknown>
#6 0x558d8ec0b3ab <unknown>
#7 0x558d8ec0b453 <unknown>
#8 0x558d8ec529f0 <unknown>
#9 0x558d8ec4bd77 <unknown>
#10 0x558d8ec9f30d <unknown>
#11 0x558d8ec4a49f <unknown>
#12 0x558d8ec4b301 <unknown>
#13 0x558d8f1ee167 <unknown>
#14 0x558d8f1ec948 <unknown>
#15 0x558d8f1d7dc6 <unknown>
#16 0x558d8f1ed50a <unknown>
#17 0x558d8f1bfe70 <unknown>
#18 0x558d8f213c38 <unknown>
#19 0x558d8f213dd5 <unknown>
#20 0x558d8f226cae <unknown>
#21 0x7f309e89caa4 <unknown>
#22 0x7f309e929c6c <unknown>

2026-07-14 15:37:34,962 INFO [LOG] append checkin log to CHECKINLOG.md
2026-07-14 15:37:35,215 INFO [README] Latest Check-in updated.
2026-07-14 15:37:35,311 ERROR [DEBUG] saved: debug/20260715_003735_fail_DO_ATTENDANCE.png
2026-07-14 15:37:35,311 ERROR [DEBUG] saved: debug/20260715_003735_fail_DO_ATTENDANCE.html
