2026-04-27 15:42:48,018 INFO [LOG] write to logs/run_20260428_004248.log
2026-04-27 15:42:54,472 INFO [GET] https://evergreenjb.me/attendance
2026-04-27 15:42:56,830 INFO [LOGIN] need login
2026-04-27 15:42:56,835 INFO [LOGIN] 보안 로그인 페이지 감지 - 직접 입력 시도
2026-04-27 15:42:59,503 INFO [GET] https://evergreenjb.me/attendance
2026-04-27 15:43:01,408 INFO ✅ 로그인 프로세스 완료
2026-04-27 15:43:01,662 INFO ✅ 출석 버튼 클릭 완료
2026-04-27 15:43:02,418 ERROR ❌ 오류 발생: Message: stale element reference: stale element not found
  (Session info: chrome=147.0.7727.55); For documentation on this error, please visit: https://www.selenium.dev/documentation/webdriver/troubleshooting/errors#staleelementreferenceexception
Stacktrace:
#0 0x5599b499ab6a <unknown>
#1 0x5599b439c265 <unknown>
#2 0x5599b43b029b <unknown>
#3 0x5599b43aed31 <unknown>
#4 0x5599b43a3ae6 <unknown>
#5 0x5599b43a1ca9 <unknown>
#6 0x5599b43a595b <unknown>
#7 0x5599b43a5a03 <unknown>
#8 0x5599b43ea9b0 <unknown>
#9 0x5599b43e3e07 <unknown>
#10 0x5599b4437969 <unknown>
#11 0x5599b43e25cf <unknown>
#12 0x5599b43e3391 <unknown>
#13 0x5599b496004b <unknown>
#14 0x5599b496300d <unknown>
#15 0x5599b494c808 <unknown>
#16 0x5599b4963ba0 <unknown>
#17 0x5599b4933280 <unknown>
#18 0x5599b4987db8 <unknown>
#19 0x5599b4987f88 <unknown>
#20 0x5599b49995de <unknown>
#21 0x7f94f989caa4 <unknown>
#22 0x7f94f9929c6c <unknown>

2026-04-27 15:43:02,419 INFO [LOG] append checkin log to CHECKINLOG.md
2026-04-27 15:43:02,686 INFO [README] Latest Check-in updated.
2026-04-27 15:43:02,748 ERROR [DEBUG] saved: debug/20260428_004302_fail_DO_ATTENDANCE.png
2026-04-27 15:43:02,748 ERROR [DEBUG] saved: debug/20260428_004302_fail_DO_ATTENDANCE.html
