2026-05-02 15:23:34,517 INFO [LOG] write to logs/run_20260503_002334.log
2026-05-02 15:23:35,461 INFO [GET] https://evergreenjb.me/attendance
2026-05-02 15:23:37,887 INFO [LOGIN] need login
2026-05-02 15:23:37,892 INFO [LOGIN] 보안 로그인 페이지 감지 - 직접 입력 시도
2026-05-02 15:23:40,097 INFO [GET] https://evergreenjb.me/attendance
2026-05-02 15:23:42,473 INFO ✅ 로그인 프로세스 완료
2026-05-02 15:23:42,566 INFO ✅ 출석 버튼 클릭 완료
2026-05-02 15:23:43,275 ERROR ❌ 오류 발생: Message: stale element reference: stale element not found
  (Session info: chrome=147.0.7727.55); For documentation on this error, please visit: https://www.selenium.dev/documentation/webdriver/troubleshooting/errors#staleelementreferenceexception
Stacktrace:
#0 0x55ccdf257b6a <unknown>
#1 0x55ccdec59265 <unknown>
#2 0x55ccdec6d29b <unknown>
#3 0x55ccdec6bd31 <unknown>
#4 0x55ccdec60ae6 <unknown>
#5 0x55ccdec5eca9 <unknown>
#6 0x55ccdec6295b <unknown>
#7 0x55ccdec62a03 <unknown>
#8 0x55ccdeca79b0 <unknown>
#9 0x55ccdeca0e07 <unknown>
#10 0x55ccdecf4969 <unknown>
#11 0x55ccdec9f5cf <unknown>
#12 0x55ccdeca0391 <unknown>
#13 0x55ccdf21d04b <unknown>
#14 0x55ccdf22000d <unknown>
#15 0x55ccdf209808 <unknown>
#16 0x55ccdf220ba0 <unknown>
#17 0x55ccdf1f0280 <unknown>
#18 0x55ccdf244db8 <unknown>
#19 0x55ccdf244f88 <unknown>
#20 0x55ccdf2565de <unknown>
#21 0x7f2c71a9caa4 <unknown>
#22 0x7f2c71b29c6c <unknown>

2026-05-02 15:23:43,275 INFO [LOG] append checkin log to CHECKINLOG.md
2026-05-02 15:23:43,582 INFO [README] Latest Check-in updated.
2026-05-02 15:23:43,629 ERROR [DEBUG] saved: debug/20260503_002343_fail_DO_ATTENDANCE.png
2026-05-02 15:23:43,629 ERROR [DEBUG] saved: debug/20260503_002343_fail_DO_ATTENDANCE.html
