2026-04-11 15:17:19,995 INFO [LOG] write to logs/run_20260412_001719.log
2026-04-11 15:17:25,028 INFO [GET] https://evergreenjb.me/attendance
2026-04-11 15:17:27,133 INFO [LOGIN] need login
2026-04-11 15:17:27,137 INFO [LOGIN] 보안 로그인 페이지 감지 - 직접 입력 시도
2026-04-11 15:17:29,687 INFO [GET] https://evergreenjb.me/attendance
2026-04-11 15:17:31,301 INFO ✅ 로그인 프로세스 완료
2026-04-11 15:17:31,442 INFO ✅ 출석 버튼 클릭 완료
2026-04-11 15:17:32,179 ERROR ❌ 오류 발생: Message: stale element reference: stale element not found
  (Session info: chrome=146.0.7680.177); For documentation on this error, please visit: https://www.selenium.dev/documentation/webdriver/troubleshooting/errors#staleelementreferenceexception
Stacktrace:
#0 0x55c8ae1bfa6a <unknown>
#1 0x55c8adbceab5 <unknown>
#2 0x55c8adbe2aeb <unknown>
#3 0x55c8adbe1581 <unknown>
#4 0x55c8adbd6329 <unknown>
#5 0x55c8adbd44f9 <unknown>
#6 0x55c8adbd81ab <unknown>
#7 0x55c8adbd8253 <unknown>
#8 0x55c8adc1d0b0 <unknown>
#9 0x55c8adc164f7 <unknown>
#10 0x55c8adc697b6 <unknown>
#11 0x55c8adc14cbf <unknown>
#12 0x55c8adc15a81 <unknown>
#13 0x55c8ae185a64 <unknown>
#14 0x55c8ae188951 <unknown>
#15 0x55c8ae17221e <unknown>
#16 0x55c8ae18951e <unknown>
#17 0x55c8ae158be0 <unknown>
#18 0x55c8ae1ac9b8 <unknown>
#19 0x55c8ae1acb88 <unknown>
#20 0x55c8ae1be4de <unknown>
#21 0x7f585da9caa4 <unknown>
#22 0x7f585db29c6c <unknown>

2026-04-11 15:17:32,179 INFO [LOG] append checkin log to CHECKINLOG.md
2026-04-11 15:17:32,666 INFO [README] Latest Check-in updated.
2026-04-11 15:17:32,726 ERROR [DEBUG] saved: debug/20260412_001732_fail_DO_ATTENDANCE.png
2026-04-11 15:17:32,726 ERROR [DEBUG] saved: debug/20260412_001732_fail_DO_ATTENDANCE.html
