2026-03-29 15:15:52,687 INFO [LOG] write to logs/run_20260330_001552.log
2026-03-29 15:15:56,996 INFO [GET] https://evergreenjb.me/attendance
2026-03-29 15:15:59,169 INFO [LOGIN] need login
2026-03-29 15:15:59,174 INFO [LOGIN] 보안 로그인 페이지 감지 - 직접 입력 시도
2026-03-29 15:16:01,385 INFO [GET] https://evergreenjb.me/attendance
2026-03-29 15:16:03,590 INFO ✅ 로그인 프로세스 완료
2026-03-29 15:16:03,832 INFO ✅ 출석 버튼 클릭 완료
2026-03-29 15:16:04,610 ERROR ❌ 오류 발생: Message: stale element reference: stale element not found
  (Session info: chrome=146.0.7680.164); For documentation on this error, please visit: https://www.selenium.dev/documentation/webdriver/troubleshooting/errors#staleelementreferenceexception
Stacktrace:
#0 0x55dac8127a6a <unknown>
#1 0x55dac7b36ab5 <unknown>
#2 0x55dac7b4aaeb <unknown>
#3 0x55dac7b49581 <unknown>
#4 0x55dac7b3e329 <unknown>
#5 0x55dac7b3c4f9 <unknown>
#6 0x55dac7b401ab <unknown>
#7 0x55dac7b40253 <unknown>
#8 0x55dac7b850b0 <unknown>
#9 0x55dac7b7e4f7 <unknown>
#10 0x55dac7bd17b6 <unknown>
#11 0x55dac7b7ccbf <unknown>
#12 0x55dac7b7da81 <unknown>
#13 0x55dac80eda64 <unknown>
#14 0x55dac80f0951 <unknown>
#15 0x55dac80da21e <unknown>
#16 0x55dac80f151e <unknown>
#17 0x55dac80c0be0 <unknown>
#18 0x55dac81149b8 <unknown>
#19 0x55dac8114b88 <unknown>
#20 0x55dac81264de <unknown>
#21 0x7f41ac69caa4 <unknown>
#22 0x7f41ac729c6c <unknown>

2026-03-29 15:16:04,610 INFO [LOG] append checkin log to CHECKINLOG.md
2026-03-29 15:16:05,048 INFO [README] Latest Check-in updated.
2026-03-29 15:16:05,098 ERROR [DEBUG] saved: debug/20260330_001605_fail_DO_ATTENDANCE.png
2026-03-29 15:16:05,099 ERROR [DEBUG] saved: debug/20260330_001605_fail_DO_ATTENDANCE.html
