2026-03-28 15:15:27,306 INFO [LOG] write to logs/run_20260329_001527.log
2026-03-28 15:15:33,375 INFO [GET] https://evergreenjb.me/attendance
2026-03-28 15:15:35,913 INFO [LOGIN] need login
2026-03-28 15:15:35,918 INFO [LOGIN] 보안 로그인 페이지 감지 - 직접 입력 시도
2026-03-28 15:15:38,607 INFO [GET] https://evergreenjb.me/attendance
2026-03-28 15:15:41,096 INFO ✅ 로그인 프로세스 완료
2026-03-28 15:15:41,330 INFO ✅ 출석 버튼 클릭 완료
2026-03-28 15:15:42,230 ERROR ❌ 오류 발생: Message: stale element reference: stale element not found
  (Session info: chrome=146.0.7680.164); For documentation on this error, please visit: https://www.selenium.dev/documentation/webdriver/troubleshooting/errors#staleelementreferenceexception
Stacktrace:
#0 0x55995bdb3a6a <unknown>
#1 0x55995b7c2ab5 <unknown>
#2 0x55995b7d6aeb <unknown>
#3 0x55995b7d5581 <unknown>
#4 0x55995b7ca329 <unknown>
#5 0x55995b7c84f9 <unknown>
#6 0x55995b7cc1ab <unknown>
#7 0x55995b7cc253 <unknown>
#8 0x55995b8110b0 <unknown>
#9 0x55995b80a4f7 <unknown>
#10 0x55995b85d7b6 <unknown>
#11 0x55995b808cbf <unknown>
#12 0x55995b809a81 <unknown>
#13 0x55995bd79a64 <unknown>
#14 0x55995bd7c951 <unknown>
#15 0x55995bd6621e <unknown>
#16 0x55995bd7d51e <unknown>
#17 0x55995bd4cbe0 <unknown>
#18 0x55995bda09b8 <unknown>
#19 0x55995bda0b88 <unknown>
#20 0x55995bdb24de <unknown>
#21 0x7fe78449caa4 <unknown>
#22 0x7fe784529c6c <unknown>

2026-03-28 15:15:42,230 INFO [LOG] append checkin log to CHECKINLOG.md
2026-03-28 15:15:42,701 INFO [README] Latest Check-in updated.
2026-03-28 15:15:42,748 ERROR [DEBUG] saved: debug/20260329_001542_fail_DO_ATTENDANCE.png
2026-03-28 15:15:42,748 ERROR [DEBUG] saved: debug/20260329_001542_fail_DO_ATTENDANCE.html
