2026-05-21 16:11:25,374 INFO [LOG] write to logs/run_20260522_011125.log
2026-05-21 16:11:27,050 INFO [GET] https://evergreenjb.me/attendance
2026-05-21 16:11:29,162 INFO [LOGIN] need login
2026-05-21 16:11:29,165 INFO [LOGIN] 보안 로그인 페이지 감지 - 직접 입력 시도
2026-05-21 16:11:31,670 INFO [GET] https://evergreenjb.me/attendance
2026-05-21 16:11:33,380 INFO ✅ 로그인 프로세스 완료
2026-05-21 16:11:33,552 INFO ✅ 출석 버튼 클릭 완료
2026-05-21 16:11:34,205 ERROR ❌ 오류 발생: Message: stale element reference: stale element not found
  (Session info: chrome=148.0.7778.167); For documentation on this error, please visit: https://www.selenium.dev/documentation/webdriver/troubleshooting/errors#staleelementreferenceexception
Stacktrace:
#0 0x559b1b1f122a <unknown>
#1 0x559b1abefab9 <unknown>
#2 0x559b1ac04b7b <unknown>
#3 0x559b1ac03611 <unknown>
#4 0x559b1abf7699 <unknown>
#5 0x559b1abf5869 <unknown>
#6 0x559b1abf951b <unknown>
#7 0x559b1abf95c3 <unknown>
#8 0x559b1ac3fa90 <unknown>
#9 0x559b1ac38ec7 <unknown>
#10 0x559b1ac8c116 <unknown>
#11 0x559b1ac37662 <unknown>
#12 0x559b1ac38451 <unknown>
#13 0x559b1b1b4d8b <unknown>
#14 0x559b1b1b7c65 <unknown>
#15 0x559b1b1a1458 <unknown>
#16 0x559b1b1b87f0 <unknown>
#17 0x559b1b1881c0 <unknown>
#18 0x559b1b1de168 <unknown>
#19 0x559b1b1de305 <unknown>
#20 0x559b1b1efc5e <unknown>
#21 0x7f3203e9caa4 <unknown>
#22 0x7f3203f29c6c <unknown>

2026-05-21 16:11:34,205 INFO [LOG] append checkin log to CHECKINLOG.md
2026-05-21 16:11:34,517 INFO [README] Latest Check-in updated.
2026-05-21 16:11:34,566 ERROR [DEBUG] saved: debug/20260522_011134_fail_DO_ATTENDANCE.png
2026-05-21 16:11:34,566 ERROR [DEBUG] saved: debug/20260522_011134_fail_DO_ATTENDANCE.html
